// Jest Snapshot v1, https://goo.gl/fbAQLP

exports[`Pruebas en <GifItem> Debe hacer match snapchot 1`] = `
<div>
  <div
    class="card"
  >
    <img
      alt="saitama"
      src="https://mrrobot.com/image/background.jpg"
    />
    <p>
       
      saitama
    </p>
  </div>
</div>
`;
